EN mmmmm NULL E:/game/mmmmm.vhd sub00/vhpl02 1196747724
AR press behavioral D:/Xilinx/ISEexamples/game/press.vhd sub00/vhpl05 1196075269
EN press NULL D:/Xilinx/ISEexamples/game/press.vhd sub00/vhpl04 1196075268
AR game behavioral E:/game/game.vhd sub00/vhpl01 1196747727
AR mmmmm mmmmm_a E:/game/mmmmm.vhd sub00/vhpl03 1196747725
EN game NULL E:/game/game.vhd sub00/vhpl00 1196747726
