V3 3
FL $XILINX/ISEexamples/game/game.vhd 2007/11/24.14:52:56 I.31
EN isim_temp/game 1195888820       FL $XILINX/ISEexamples/game/game.vhd \
      PB ieee/std_logic_1164 1147840849 PB ieee/std_logic_arith 1147840851 \
      PB ieee/STD_LOGIC_UNSIGNED 1147840857
AR isim_temp/game/Behavioral 1195888821 FL $XILINX/ISEexamples/game/game.vhd \
      EN isim_temp/game 1195888820
